=== TinyRPC 游戏层压测客户端 ===
模式: single | 服务端: 127.0.0.1:8080

=== MODE: single — 单连接基线 ===
重复次数: 1 | think time 均值: 200 ms | 超时: 5000 ms
----------------------------------------

--- 第 1/1 轮 ---
[RpcClient] Connected to 127.0.0.1:8080
[RpcClient] No pending request for id=0
[client 0] 开始发消息循环 (30 秒，think time 200 ms)...
  [进度] 已发送 19 条消息 | 剩余 24 秒
  [进度] 已发送 41 条消息 | 剩余 19 秒
  [进度] 已发送 64 条消息 | 剩余 14 秒
  [进度] 已发送 90 条消息 | 剩余 9 秒
  [进度] 已发送 122 条消息 | 剩余 4 秒
  结果: 成功 | 活跃连接: 0

┌──────────────────────────┬──────────┬──────────┬──────────┬──────────┬──────────┬──────────┐
│ 阶段                      │   成功率  │  avg(us) │  min(us) │  max(us) │  p50(us) │   样本数  │
├──────────────────────────┼──────────┼──────────┼──────────┼──────────┼──────────┼──────────┤
│ leave_room               │ 100.0% │    347.0 │    347.0 │    347.0 │    347.0 │        1 │
│ message_loop             │ 100.0% │ 30147584.0 │ 30147584.0 │ 30147584.0 │ 30147584.0 │        1 │
│ start_game               │ 100.0% │  46381.0 │  46381.0 │  46381.0 │  46381.0 │        1 │
│ create_room              │ 100.0% │    205.0 │    205.0 │    205.0 │    205.0 │        1 │
│ login                    │ 100.0% │    480.0 │    480.0 │    480.0 │    480.0 │        1 │
│ connect                  │ 100.0% │    324.0 │    324.0 │    324.0 │    324.0 │        1 │
└──────────────────────────┴──────────┴──────────┴──────────┴──────────┴──────────┴──────────┘
  延迟 (us): avg=628.6  min=195.0  max=46379.0  p50=300.0  p95=383.0  p99=534.0

--- Markdown ---
| 场景 | 连接数 | 时长 | QPS | avg(us) | p50(us) | p95(us) | p99(us) |
|------|--------|------|-----|---------|---------|---------|----------|
| single-baseline | 1 | 30s | 0 | 628.6 | 300.0 | 383.0 | 534.0 |

=== 完成 ===
