=== TinyRPC 游戏层压测客户端 ===
模式: steady | 服务端: 127.0.0.1:8080

=== MODE: steady — 稳态压测 ===
并发连接数: 5 | 持续时间: 60 s | 预热: 5 s
think time 均值: 500 ms
----------------------------------------
[steady] 正在建立 5 个连接...
[RpcClient] Connected to 127.0.0.1:8080
[RpcClient] Connected to 127.0.0.1:8080
[RpcClient] Connected to 127.0.0.1:8080
[RpcClient] Connected to 127.0.0.1:8080
[RpcClient] Connected to 127.0.0.1:8080
[steady] 成功建立 5/5 连接
[RpcClient] Connected to 127.0.0.1:8080
[steady] metrics 查询连接已建立 (独立连接)
[steady] 预热 5 秒...
[stats] conn=6 | QPS≈19 | lat(us): avg=501 p50=437 p95=673 p99=3410 | errors=0
[metrics] 服务端: 运行11s | 连接=6 | 房间=5 | QPS≈19 | 延迟(us): avg=137 p50=99 p99=1579 | 匹配队列=0 | 错误=0
[steady] 预热完成，开始正式采集...
[stats] conn=6 | QPS≈11 | lat(us): avg=437 p50=420 p95=732 p99=1015 | errors=0
[metrics] 服务端: 运行16s | 连接=6 | 房间=5 | QPS≈18 | 延迟(us): avg=123 p50=100 p99=1562 | 匹配队列=0 | 错误=0
[stats] conn=6 | QPS≈10 | lat(us): avg=426 p50=414 p95=552 p99=902 | errors=0
[metrics] 服务端: 运行21s | 连接=6 | 房间=5 | QPS≈14 | 延迟(us): avg=119 p50=102 p99=299 | 匹配队列=0 | 错误=0
[stats] conn=6 | QPS≈10 | lat(us): avg=420 p50=411 p95=547 p99=902 | errors=0
[metrics] 服务端: 运行26s | 连接=6 | 房间=5 | QPS≈14 | 延迟(us): avg=115 p50=100 p99=314 | 匹配队列=0 | 错误=0
[stats] conn=6 | QPS≈11 | lat(us): avg=431 p50=411 p95=610 p99=1015 | errors=0
[metrics] 服务端: 运行31s | 连接=6 | 房间=5 | QPS≈15 | 延迟(us): avg=111 p50=99 p99=299 | 匹配队列=0 | 错误=0
[stats] conn=6 | QPS≈11 | lat(us): avg=432 p50=414 p95=610 p99=1015 | errors=0
[metrics] 服务端: 运行36s | 连接=6 | 房间=5 | QPS≈15 | 延迟(us): avg=109 p50=99 p99=299 | 匹配队列=0 | 错误=0
[stats] conn=6 | QPS≈10 | lat(us): avg=433 p50=415 p95=610 p99=902 | errors=0
[metrics] 服务端: 运行41s | 连接=6 | 房间=5 | QPS≈14 | 延迟(us): avg=107 p50=98 p99=294 | 匹配队列=0 | 错误=0
[stats] conn=6 | QPS≈11 | lat(us): avg=431 p50=415 p95=581 p99=902 | errors=0
[metrics] 服务端: 运行46s | 连接=6 | 房间=5 | QPS≈14 | 延迟(us): avg=106 p50=98 p99=294 | 匹配队列=0 | 错误=0
[stats] conn=6 | QPS≈11 | lat(us): avg=433 p50=419 p95=581 p99=776 | errors=0
[metrics] 服务端: 运行51s | 连接=6 | 房间=5 | QPS≈16 | 延迟(us): avg=105 p50=97 p99=249 | 匹配队列=0 | 错误=0
[stats] conn=6 | QPS≈12 | lat(us): avg=434 p50=422 p95=580 p99=776 | errors=0
[metrics] 服务端: 运行56s | 连接=6 | 房间=5 | QPS≈15 | 延迟(us): avg=105 p50=98 p99=203 | 匹配队列=0 | 错误=0
[stats] conn=6 | QPS≈11 | lat(us): avg=434 p50=422 p95=581 p99=754 | errors=0
[metrics] 服务端: 运行61s | 连接=6 | 房间=5 | QPS≈13 | 延迟(us): avg=104 p50=97 p99=203 | 匹配队列=0 | 错误=0
[stats] conn=6 | QPS≈11 | lat(us): avg=434 p50=424 p95=580 p99=754 | errors=0
[metrics] 服务端: 运行66s | 连接=6 | 房间=5 | QPS≈15 | 延迟(us): avg=103 p50=97 p99=203 | 匹配队列=0 | 错误=0
[stats] conn=6 | QPS≈12 | lat(us): avg=432 p50=422 p95=578 p99=754 | errors=0
[metrics] 服务端: 运行71s | 连接=6 | 房间=5 | QPS≈16 | 延迟(us): avg=103 p50=96 p99=249 | 匹配队列=0 | 错误=0
[steady] 正在清理 5 个客户端...

========================================
  稳态压测报告
========================================
  目标连接数:   5
  成功连接数:   5
  成功建立率:   100.0%
  采集时长:     60.6 秒
  总请求数:     751
  QPS:          12.4
  错误总数:     0
----------------------------------------
  延迟 (us): avg=432.0  min=219.0  max=1341.0  p50=422.0  p95=580.0  p99=776.0

--- Markdown ---
| 场景 | 连接数 | 时长 | QPS | avg(us) | p50(us) | p95(us) | p99(us) | 成功率 |
|------|--------|------|-----|---------|---------|---------|----------|--------|
| steady-5 | 5 | 61s | 12 | 432.0 | 422.0 | 580.0 | 776.0 | 100.0% |
========================================

=== 完成 ===
