=== TinyRPC 游戏层压测客户端 ===
模式: single | 服务端: 127.0.0.1:8080

=== MODE: single — 单连接基线 ===
重复次数: 1 | think time 均值: 200 ms | 超时: 5000 ms
----------------------------------------

--- 第 1/1 轮 ---
[RpcClient] Connected to 127.0.0.1:8080
[client 0] 开始发消息循环 (10 秒，think time 200 ms)...
  结果: 成功 | 活跃连接: 0

┌──────────────────────────┬──────────┬──────────┬──────────┬──────────┬──────────┬──────────┐
│ 阶段                     │   成功率  │  avg(us) │  min(us) │  max(us) │  p50(us) │   样本数  │
├──────────────────────────┼──────────┼──────────┼──────────┼──────────┼──────────┼──────────┤
│ leave_room               │ 100.0% │    597.0 │    597.0 │    597.0 │    597.0 │        1 │
│ message_loop             │ 100.0% │ 10106181.0 │ 10106181.0 │ 10106181.0 │ 10106181.0 │        1 │
│ start_game               │ 100.0% │  48268.0 │  48268.0 │  48268.0 │  48268.0 │        1 │
│ create_room              │ 100.0% │   1269.0 │   1269.0 │   1269.0 │   1269.0 │        1 │
│ login                    │ 100.0% │   3061.0 │   3061.0 │   3061.0 │   3061.0 │        1 │
│ connect                  │ 100.0% │    419.0 │    419.0 │    419.0 │    419.0 │        1 │
└──────────────────────────┴──────────┴──────────┴──────────┴──────────┴──────────┴──────────┘
  延迟 (us): avg=1381.1  min=264.0  max=48255.0  p50=418.0  p95=853.0  p99=48255.0

--- Markdown ---
| 场景 | 连接数 | 时长 | QPS | avg(us) | p50(us) | p95(us) | p99(us) |
|------|--------|------|-----|---------|---------|---------|----------|
| single-baseline | 1 | 10s | 10 | 1381.1 | 418.0 | 853.0 | 48255.0 |

=== 完成 ===
