=== Layer 1: 纯序列化 Benchmark（无网络） ===

场景                           体积   编码(ns)   解码(ns)   编码MB/s   解码MB/s
------------------------------------------------------------------------------------------

--- 小字段-大整数 (2×int) (500000 次迭代) ---
  TLV:   体积=  63 B | 编码=    2827 ns | 解码=     599 ns | 编码=   21.3 MB/s | 解码=  100.3 MB/s  ✅
  JSON:  体积=  89 B | 编码=    2480 ns | 解码=     543 ns | 编码=   34.2 MB/s | 解码=  156.3 MB/s  ✅
  ── TLV vs JSON ──
  体积:  TLV 是 JSON 的 70.8%（节省 29.2%）
  编码:  TLV 是 JSON 的 0.9x 快
  解码:  TLV 是 JSON 的 0.9x 快

--- 多字段-混合 (10 fields) (100000 次迭代) ---
  TLV:   体积= 132 B | 编码=    3591 ns | 解码=    1267 ns | 编码=   35.1 MB/s | 解码=   99.4 MB/s  ✅
  JSON:  体积= 163 B | 编码=    4649 ns | 解码=    1264 ns | 编码=   33.4 MB/s | 解码=  123.0 MB/s  ✅
  ── TLV vs JSON ──
  体积:  TLV 是 JSON 的 81.0%（节省 19.0%）
  编码:  TLV 是 JSON 的 1.3x 快
  解码:  TLV 是 JSON 的 1.0x 快

--- 大字符串 (2×int + 10KB str) (10000 次迭代) ---
  TLV:   体积=10322 B | 编码=   60333 ns | 解码=   20495 ns | 编码=  163.2 MB/s | 解码=  480.3 MB/s  ✅
  JSON:  体积=10358 B | 编码=   20096 ns | 解码=    2315 ns | 编码=  491.6 MB/s | 解码= 4267.8 MB/s  ✅
  ── TLV vs JSON ──
  体积:  TLV 是 JSON 的 99.7%（节省 0.3%）
  编码:  TLV 是 JSON 的 0.3x 快
  解码:  TLV 是 JSON 的 0.1x 快

=== 完成 ===
